[2025-09-10 12:48:57][INFO] Conexão com o banco de dados estabelecida com sucesso.
[2025-09-10 12:48:57][INFO] Conexão com o banco de dados estabelecida com sucesso.
[2025-09-10 12:48:57][INFO] listarTarefas chamada
[2025-09-10 12:50:56][INFO] Conexão com o banco de dados estabelecida com sucesso.
[2025-09-10 12:50:56][INFO] listarTarefas chamada
[2025-09-10 12:50:58][INFO] Conexão com o banco de dados estabelecida com sucesso.
[2025-09-10 12:50:58][INFO] listarTarefas chamada
[2025-09-10 12:50:58][INFO] Conexão com o banco de dados estabelecida com sucesso.
[2025-09-10 12:50:58][INFO] listarTarefas chamada
[2025-09-10 12:50:59][INFO] Conexão com o banco de dados estabelecida com sucesso.
[2025-09-10 12:50:59][INFO] listarTarefas chamada
[2025-09-10 12:50:59][INFO] Conexão com o banco de dados estabelecida com sucesso.
[2025-09-10 12:50:59][INFO] listarTarefas chamada
[2025-09-10 12:50:59][INFO] Conexão com o banco de dados estabelecida com sucesso.
[2025-09-10 12:50:59][INFO] listarTarefas chamada
[2025-09-10 12:51:12][INFO] Conexão com o banco de dados estabelecida com sucesso.
[2025-09-10 12:51:12][INFO] listarTarefas chamada
[2025-09-10 12:51:17][INFO] Conexão com o banco de dados estabelecida com sucesso.
[2025-09-10 12:51:17][INFO] listarTarefas chamada
[2025-09-10 12:51:19][INFO] Conexão com o banco de dados estabelecida com sucesso.
[2025-09-10 12:51:19][INFO] listarTarefas chamada
[2025-09-10 12:51:27][INFO] Conexão com o banco de dados estabelecida com sucesso.
[2025-09-10 12:51:27][INFO] listarTarefas chamada
[2025-09-10 12:52:40][INFO] Conexão com o banco de dados estabelecida com sucesso.
[2025-09-10 12:52:40][INFO] listarTarefas chamada
[2025-09-10 12:52:40][INFO] Conexão com o banco de dados estabelecida com sucesso.
[2025-09-10 12:52:40][INFO] listarCategorias chamada
[2025-09-10 12:52:41][INFO] Conexão com o banco de dados estabelecida com sucesso.
[2025-09-10 12:52:41][INFO] listarTarefas chamada
[2025-09-10 12:52:49][INFO] Conexão com o banco de dados estabelecida com sucesso.
[2025-09-10 12:52:49][INFO] listarTarefas chamada
[2025-09-10 12:53:43][INFO] Conexão com o banco de dados estabelecida com sucesso.
[2025-09-10 12:53:43][INFO] listarTarefas chamada
[2025-09-10 12:53:45][INFO] Conexão com o banco de dados estabelecida com sucesso.
[2025-09-10 12:53:45][INFO] listarCategorias chamada
[2025-09-10 12:53:46][INFO] Conexão com o banco de dados estabelecida com sucesso.
[2025-09-10 12:53:46][INFO] listarTarefas chamada
[2025-09-10 12:53:52][INFO] Conexão com o banco de dados estabelecida com sucesso.
[2025-09-10 12:53:52][INFO] listarTarefas chamada
[2025-09-10 12:54:19][INFO] Conexão com o banco de dados estabelecida com sucesso.
[2025-09-10 12:54:19][INFO] buscarTarefaPorId chamada para ID: 1
[2025-09-10 12:54:40][INFO] Conexão com o banco de dados estabelecida com sucesso.
[2025-09-10 12:54:40][INFO] buscarTarefaPorId chamada para ID: 1
[2025-09-10 12:54:41][INFO] Conexão com o banco de dados estabelecida com sucesso.
[2025-09-10 12:54:41][INFO] buscarTarefaPorId chamada para ID: 1
[2025-09-10 12:54:42][INFO] Conexão com o banco de dados estabelecida com sucesso.
[2025-09-10 12:54:42][INFO] listarTarefas chamada
[2025-09-10 12:54:44][INFO] Conexão com o banco de dados estabelecida com sucesso.
[2025-09-10 12:54:44][INFO] listarCategorias chamada
[2025-09-10 12:54:45][INFO] Conexão com o banco de dados estabelecida com sucesso.
[2025-09-10 12:54:45][INFO] listarTarefas chamada
[2025-09-10 12:54:46][INFO] Conexão com o banco de dados estabelecida com sucesso.
[2025-09-10 12:54:47][INFO] Conexão com o banco de dados estabelecida com sucesso.
[2025-09-10 12:54:47][INFO] listarCategorias chamada
[2025-09-10 12:54:51][INFO] Conexão com o banco de dados estabelecida com sucesso.
[2025-09-10 12:54:51][INFO] listarTarefas chamada
[2025-09-10 12:54:53][INFO] Conexão com o banco de dados estabelecida com sucesso.
[2025-09-10 12:54:53][INFO] listarTarefas chamada
[2025-09-10 12:54:54][INFO] Conexão com o banco de dados estabelecida com sucesso.
[2025-09-10 12:54:54][INFO] buscarTarefaPorId chamada para ID: 1
[2025-09-10 13:00:29][INFO] Conexão com o banco de dados estabelecida com sucesso.
[2025-09-10 13:00:29][INFO] buscarTarefaPorId chamada para ID: 1
[2025-09-10 13:00:36][INFO] Conexão com o banco de dados estabelecida com sucesso.
[2025-09-10 13:00:36][INFO] Conexão com o banco de dados estabelecida com sucesso.
[2025-09-10 13:00:37][INFO] listarTarefas chamada
[2025-09-10 13:00:40][INFO] Conexão com o banco de dados estabelecida com sucesso.
[2025-09-10 13:00:40][INFO] buscarTarefaPorId chamada para ID: 1
[2025-09-10 13:00:43][INFO] Conexão com o banco de dados estabelecida com sucesso.
[2025-09-10 13:00:43][INFO] Conexão com o banco de dados estabelecida com sucesso.
[2025-09-10 13:00:43][INFO] listarTarefas chamada
[2025-09-10 13:01:10][INFO] Conexão com o banco de dados estabelecida com sucesso.
[2025-09-10 13:01:10][INFO] listarTarefas chamada
[2025-09-10 13:01:12][INFO] Conexão com o banco de dados estabelecida com sucesso.
[2025-09-10 13:01:12][INFO] listarCategorias chamada
[2025-09-10 13:01:17][INFO] Conexão com o banco de dados estabelecida com sucesso.
[2025-09-10 13:01:17][INFO] Nova tarefa 'tarefa2' inserida com sucesso.
[2025-09-10 13:01:26][INFO] Conexão com o banco de dados estabelecida com sucesso.
[2025-09-10 13:01:26][INFO] Nova tarefa 'tarefa2' inserida com sucesso.
[2025-09-10 13:04:31][INFO] Conexão com o banco de dados estabelecida com sucesso.
[2025-09-10 13:04:31][INFO] Nova tarefa 'tarefa2' inserida com sucesso.
[2025-09-10 13:04:33][INFO] Conexão com o banco de dados estabelecida com sucesso.
[2025-09-10 13:04:33][INFO] listarCategorias chamada
[2025-09-10 13:04:36][INFO] Conexão com o banco de dados estabelecida com sucesso.
[2025-09-10 13:04:36][INFO] Nova tarefa 'tarefa2' inserida com sucesso.
[2025-09-10 13:04:37][INFO] Conexão com o banco de dados estabelecida com sucesso.
[2025-09-10 13:04:37][INFO] listarCategorias chamada
[2025-09-10 13:04:44][INFO] Conexão com o banco de dados estabelecida com sucesso.
[2025-09-10 13:04:44][INFO] Nova tarefa 'tarefa2' inserida com sucesso.
[2025-09-10 13:04:45][INFO] Conexão com o banco de dados estabelecida com sucesso.
[2025-09-10 13:04:45][INFO] listarCategorias chamada
[2025-09-10 13:04:49][INFO] Conexão com o banco de dados estabelecida com sucesso.
[2025-09-10 13:04:49][INFO] Upload de imagem iniciado: WhatsApp Image 2025-09-02 at 14.12.49.jpeg
[2025-09-10 13:04:49][INFO] Nova tarefa 'tarefa2' inserida com sucesso.
[2025-09-10 13:05:00][INFO] Conexão com o banco de dados estabelecida com sucesso.
[2025-09-10 13:05:00][INFO] listarCategorias chamada
[2025-09-10 13:05:01][INFO] Conexão com o banco de dados estabelecida com sucesso.
[2025-09-10 13:05:01][INFO] listarCategorias chamada
[2025-09-10 13:05:06][INFO] Conexão com o banco de dados estabelecida com sucesso.
[2025-09-10 13:05:06][INFO] Nova tarefa 'tarefa2' inserida com sucesso.
[2025-09-10 13:06:12][INFO] Conexão com o banco de dados estabelecida com sucesso.
[2025-09-10 13:06:12][INFO] Nova tarefa 'tarefa2' inserida com sucesso.
[2025-09-10 13:06:15][INFO] Conexão com o banco de dados estabelecida com sucesso.
[2025-09-10 13:06:15][INFO] Nova tarefa 'tarefa2' inserida com sucesso.
[2025-09-10 13:06:16][INFO] Conexão com o banco de dados estabelecida com sucesso.
[2025-09-10 13:06:16][INFO] listarCategorias chamada
[2025-09-10 13:06:26][INFO] Conexão com o banco de dados estabelecida com sucesso.
[2025-09-10 13:06:26][INFO] Nova tarefa 'tarefa2' inserida com sucesso.
[2025-09-10 13:06:43][INFO] Conexão com o banco de dados estabelecida com sucesso.
[2025-09-10 13:06:43][INFO] Nova tarefa 'tarefa2' inserida com sucesso.
[2025-09-10 13:06:45][INFO] Conexão com o banco de dados estabelecida com sucesso.
[2025-09-10 13:06:45][INFO] listarCategorias chamada
[2025-09-10 13:06:46][INFO] Conexão com o banco de dados estabelecida com sucesso.
[2025-09-10 13:06:46][INFO] listarTarefas chamada
[2025-09-10 13:06:49][INFO] Conexão com o banco de dados estabelecida com sucesso.
[2025-09-10 13:06:49][INFO] buscarTarefaPorId chamada para ID: 11
[2025-09-10 13:06:51][INFO] Conexão com o banco de dados estabelecida com sucesso.
[2025-09-10 13:06:51][INFO] listarTarefas chamada
[2025-09-10 13:06:55][INFO] Conexão com o banco de dados estabelecida com sucesso.
[2025-09-10 13:06:55][INFO] buscarTarefaPorId chamada para ID: 6
[2025-09-10 13:06:57][INFO] Conexão com o banco de dados estabelecida com sucesso.
[2025-09-10 13:06:57][INFO] Tarefa com ID '6' excluída com sucesso.
[2025-09-10 13:06:57][INFO] Conexão com o banco de dados estabelecida com sucesso.
[2025-09-10 13:06:57][INFO] listarTarefas chamada
[2025-09-10 13:07:01][INFO] Conexão com o banco de dados estabelecida com sucesso.
[2025-09-10 13:07:01][INFO] buscarTarefaPorId chamada para ID: 1
[2025-09-10 13:07:03][INFO] Conexão com o banco de dados estabelecida com sucesso.
[2025-09-10 13:07:03][INFO] Tarefa com ID '1' excluída com sucesso.
[2025-09-10 13:07:03][INFO] Conexão com o banco de dados estabelecida com sucesso.
[2025-09-10 13:07:03][INFO] listarTarefas chamada
[2025-09-10 13:07:04][INFO] Conexão com o banco de dados estabelecida com sucesso.
[2025-09-10 13:07:04][INFO] buscarTarefaPorId chamada para ID: 4
[2025-09-10 13:07:07][INFO] Conexão com o banco de dados estabelecida com sucesso.
[2025-09-10 13:07:07][INFO] Tarefa com ID '4' excluída com sucesso.
[2025-09-10 13:07:07][INFO] Conexão com o banco de dados estabelecida com sucesso.
[2025-09-10 13:07:07][INFO] listarTarefas chamada
[2025-09-10 13:07:44][INFO] Conexão com o banco de dados estabelecida com sucesso.
[2025-09-10 13:07:44][INFO] buscarTarefaPorId chamada para ID: 12
[2025-09-10 13:07:46][INFO] Conexão com o banco de dados estabelecida com sucesso.
[2025-09-10 13:07:46][INFO] Tarefa com ID '12' excluída com sucesso.
[2025-09-10 13:07:46][INFO] Conexão com o banco de dados estabelecida com sucesso.
[2025-09-10 13:07:46][INFO] listarTarefas chamada
[2025-09-10 13:07:47][INFO] Conexão com o banco de dados estabelecida com sucesso.
[2025-09-10 13:07:47][INFO] buscarTarefaPorId chamada para ID: 10
[2025-09-10 13:07:48][INFO] Conexão com o banco de dados estabelecida com sucesso.
[2025-09-10 13:07:48][INFO] Tarefa com ID '10' excluída com sucesso.
[2025-09-10 13:07:48][INFO] Conexão com o banco de dados estabelecida com sucesso.
[2025-09-10 13:07:48][INFO] listarTarefas chamada
[2025-09-10 13:07:49][INFO] Conexão com o banco de dados estabelecida com sucesso.
[2025-09-10 13:07:49][INFO] buscarTarefaPorId chamada para ID: 9
[2025-09-10 13:07:51][INFO] Conexão com o banco de dados estabelecida com sucesso.
[2025-09-10 13:07:51][INFO] Tarefa com ID '9' excluída com sucesso.
[2025-09-10 13:07:51][INFO] Conexão com o banco de dados estabelecida com sucesso.
[2025-09-10 13:07:51][INFO] listarTarefas chamada
[2025-09-10 13:07:54][INFO] Conexão com o banco de dados estabelecida com sucesso.
[2025-09-10 13:07:54][INFO] listarTarefas chamada
[2025-09-10 13:07:54][INFO] Conexão com o banco de dados estabelecida com sucesso.
[2025-09-10 13:07:54][INFO] listarCategorias chamada
[2025-09-10 13:07:55][INFO] Conexão com o banco de dados estabelecida com sucesso.
[2025-09-10 13:07:55][INFO] listarTarefas chamada
[2025-09-10 13:07:58][INFO] Conexão com o banco de dados estabelecida com sucesso.
[2025-09-10 13:07:58][INFO] listarCategorias chamada
[2025-09-10 13:08:04][INFO] Conexão com o banco de dados estabelecida com sucesso.
[2025-09-10 13:08:04][INFO] Nova tarefa 'tarefa2wsa' inserida com sucesso.
[2025-09-10 13:09:10][INFO] Conexão com o banco de dados estabelecida com sucesso.
[2025-09-10 13:09:10][INFO] Nova tarefa 'tarefa2wsa' inserida com sucesso.
[2025-09-10 13:09:11][INFO] Conexão com o banco de dados estabelecida com sucesso.
[2025-09-10 13:09:11][INFO] listarCategorias chamada
[2025-09-10 13:09:14][INFO] Conexão com o banco de dados estabelecida com sucesso.
[2025-09-10 13:09:14][INFO] Nova tarefa 'tarefa2wsaa' inserida com sucesso.
[2025-09-10 13:09:48][INFO] Conexão com o banco de dados estabelecida com sucesso.
[2025-09-10 13:09:48][INFO] listarCategorias chamada
[2025-09-10 13:09:50][INFO] Conexão com o banco de dados estabelecida com sucesso.
[2025-09-10 13:09:50][INFO] listarTarefas chamada
[2025-09-10 13:09:52][INFO] Conexão com o banco de dados estabelecida com sucesso.
[2025-09-10 13:09:52][INFO] buscarTarefaPorId chamada para ID: 5
[2025-09-10 13:09:54][INFO] Conexão com o banco de dados estabelecida com sucesso.
[2025-09-10 13:09:54][INFO] Tarefa com ID '5' excluída com sucesso.
[2025-09-10 13:09:54][INFO] Conexão com o banco de dados estabelecida com sucesso.
[2025-09-10 13:09:54][INFO] listarTarefas chamada
[2025-09-10 13:09:56][INFO] Conexão com o banco de dados estabelecida com sucesso.
[2025-09-10 13:09:56][INFO] buscarTarefaPorId chamada para ID: 3
[2025-09-10 13:09:58][INFO] Conexão com o banco de dados estabelecida com sucesso.
[2025-09-10 13:09:58][INFO] Tarefa com ID '3' excluída com sucesso.
[2025-09-10 13:09:58][INFO] Conexão com o banco de dados estabelecida com sucesso.
[2025-09-10 13:09:58][INFO] listarTarefas chamada
[2025-09-10 13:09:59][INFO] Conexão com o banco de dados estabelecida com sucesso.
[2025-09-10 13:09:59][INFO] buscarTarefaPorId chamada para ID: 2
[2025-09-10 13:10:01][INFO] Conexão com o banco de dados estabelecida com sucesso.
[2025-09-10 13:10:01][INFO] Tarefa com ID '2' excluída com sucesso.
[2025-09-10 13:10:01][INFO] Conexão com o banco de dados estabelecida com sucesso.
[2025-09-10 13:10:01][INFO] listarTarefas chamada
[2025-09-10 13:10:08][INFO] Conexão com o banco de dados estabelecida com sucesso.
[2025-09-10 13:10:08][INFO] buscarTarefaPorId chamada para ID: 14
[2025-09-10 13:10:09][INFO] Conexão com o banco de dados estabelecida com sucesso.
[2025-09-10 13:10:09][INFO] Tarefa com ID '14' excluída com sucesso.
[2025-09-10 13:10:09][INFO] Conexão com o banco de dados estabelecida com sucesso.
[2025-09-10 13:10:09][INFO] listarTarefas chamada
[2025-09-10 13:10:10][INFO] Conexão com o banco de dados estabelecida com sucesso.
[2025-09-10 13:10:10][INFO] buscarTarefaPorId chamada para ID: 11
[2025-09-10 13:10:12][INFO] Conexão com o banco de dados estabelecida com sucesso.
[2025-09-10 13:10:12][INFO] Tarefa com ID '11' excluída com sucesso.
[2025-09-10 13:10:12][INFO] Conexão com o banco de dados estabelecida com sucesso.
[2025-09-10 13:10:12][INFO] listarTarefas chamada
[2025-09-10 13:10:16][INFO] Conexão com o banco de dados estabelecida com sucesso.
[2025-09-10 13:10:16][INFO] buscarTarefaPorId chamada para ID: 8
[2025-09-10 13:10:18][INFO] Conexão com o banco de dados estabelecida com sucesso.
[2025-09-10 13:10:18][INFO] Tarefa com ID '8' excluída com sucesso.
[2025-09-10 13:10:18][INFO] Conexão com o banco de dados estabelecida com sucesso.
[2025-09-10 13:10:18][INFO] listarTarefas chamada
[2025-09-10 13:10:34][INFO] Conexão com o banco de dados estabelecida com sucesso.
[2025-09-10 13:10:34][INFO] listarTarefas chamada
[2025-09-10 13:10:35][INFO] Conexão com o banco de dados estabelecida com sucesso.
[2025-09-10 13:10:35][INFO] listarCategorias chamada
[2025-09-10 13:10:39][INFO] Conexão com o banco de dados estabelecida com sucesso.
[2025-09-10 13:10:39][INFO] listarTarefas chamada
[2025-09-10 13:10:40][INFO] Conexão com o banco de dados estabelecida com sucesso.
[2025-09-10 13:10:40][INFO] listarTarefas chamada
[2025-09-10 13:10:41][INFO] Conexão com o banco de dados estabelecida com sucesso.
[2025-09-10 13:10:41][INFO] listarCategorias chamada
[2025-09-10 13:10:42][INFO] Conexão com o banco de dados estabelecida com sucesso.
[2025-09-10 13:10:42][INFO] listarTarefas chamada
